
Running 1 test using 1 worker

[1A[2K(node:1789) Warning: The 'NO_COLOR' env is ignored due to the 'FORCE_COLOR' env being set.
(Use `node --trace-warnings ...` to show where the warning was created)


[1A[2K(node:1789) Warning: The 'NO_COLOR' env is ignored due to the 'FORCE_COLOR' env being set.
(Use `node --trace-warnings ...` to show where the warning was created)


[1A[2K[1/1] [chromium] › tests/comprehensive.spec.ts:37:5 › Comprehensive Game Coverage › Input Module › all keyboard keys for movement
[1A[2K  1) [chromium] › tests/comprehensive.spec.ts:37:5 › Comprehensive Game Coverage › Input Module › all keyboard keys for movement 

    Error: [2mexpect([22m[31mlocator[39m[2m).[22mtoBeVisible[2m([22m[2m)[22m failed

    Locator: locator('canvas')
    Expected: visible
    Timeout: 5000ms
    Error: element(s) not found

    Call log:
    [2m  - Expect "toBeVisible" with timeout 5000ms[22m
    [2m  - waiting for locator('canvas')[22m


      36 |       }
      37 |       // Check that game hasn't crashed and canvas is still there
    > 38 |       await expect(page.locator('canvas')).toBeVisible()
         |                                            ^
      39 |     })
      40 |
      41 |     test('mouse button handling (attack)', async ({ page }) => {
        at /workspace/tests/comprehensive.spec.ts:38:44

    attachment #1: screenshot (image/png) ──────────────────────────────────────────────────────────
    test-results/comprehensive-Comprehensiv-9a9b7--keyboard-keys-for-movement-chromium/test-failed-1.png
    ────────────────────────────────────────────────────────────────────────────────────────────────

    attachment #2: video (video/webm) ──────────────────────────────────────────────────────────────
    test-results/comprehensive-Comprehensiv-9a9b7--keyboard-keys-for-movement-chromium/video.webm
    ────────────────────────────────────────────────────────────────────────────────────────────────


[1A[2K  1 failed
    [chromium] › tests/comprehensive.spec.ts:37:5 › Comprehensive Game Coverage › Input Module › all keyboard keys for movement 
